// Jest Snapshot v1, https://goo.gl/fbAQLP

exports[`matches snapshot 1`] = `
<DocumentFragment>
  <div
    class="MuiGrid-root MuiGrid-container css-1lym95h-MuiGrid-root"
  >
    <div
      class="MuiPaper-root MuiPaper-elevation MuiPaper-rounded MuiPaper-elevation1 MuiCard-root card css-qpjsw6-MuiPaper-root-MuiCard-root"
    >
      <span
        class="top"
      >
        Haha check
      </span>
      <img
        alt="meme"
        class="MuiCardMedia-root MuiCardMedia-media MuiCardMedia-img css-o69gx8-MuiCardMedia-root"
        height="400"
        src="https://media2.giphy.com/media/KPZhv4wNSpaJNfuAzM/200w.webp"
        width="400"
      />
      <span
        class="bottom"
      >
        No way
      </span>
      <div
        class="MuiCardActions-root MuiCardActions-spacing css-1t6e9jv-MuiCardActions-root"
        color="primary"
      >
        <button
          class="MuiButtonBase-root MuiButton-root MuiButton-outlined MuiButton-outlinedError MuiButton-sizeLarge MuiButton-outlinedSizeLarge MuiButton-root MuiButton-outlined MuiButton-outlinedError MuiButton-sizeLarge MuiButton-outlinedSizeLarge css-eyt2ms-MuiButtonBase-root-MuiButton-root"
          tabindex="0"
          type="button"
        >
          Delete me
          <span
            class="MuiTouchRipple-root css-8je8zh-MuiTouchRipple-root"
          />
        </button>
      </div>
    </div>
  </div>
</DocumentFragment>
`;
